{"error":{"log":["  - navigating to \"https://www.automationexercise.com//\", waiting until \"domcontentloaded\""],"name":"Error"},"level":"error","message":"[STEP FAILED] [BasePage] Navigating to: https://www.automationexercise.com//","service":"playwright-e2e","timestamp":"2026-08-25 16:05:42"}
{"error":{"log":[]},"level":"error","message":"[STEP FAILED] [BasePage] Navigating to: https://www.automationexercise.com//","service":"playwright-e2e","timestamp":"2026-08-25 16:15:22"}
{"error":{"log":[]},"level":"error","message":"[STEP FAILED] [BasePage] Navigating to: https://www.automationexercise.com//","service":"playwright-e2e","timestamp":"2026-08-25 16:25:37"}
{"error":{"log":["  - waiting for getByRole('button', { name: 'Create Account' })","    - locator resolved to <button type=\"submit\" class=\"btn btn-default\" data-qa=\"create-account\">Create Account</button>"]},"level":"error","message":"[STEP FAILED] Complete registration form for: email+1787742933572+@test.com","service":"playwright-e2e","timestamp":"2026-08-26 14:16:21"}
{"error":{"log":["  - waiting for locator('#mobile_number')","    - locator resolved to <input value=\"\" type=\"text\" required=\"\" id=\"mobile_number\" class=\"form-control\" name=\"mobile_number\" data-qa=\"mobile_number\"/>","    - fill(\"0420012889\")","  - attempting fill action"]},"level":"error","message":"[STEP FAILED] Complete registration form for: email+1787744013639+@test.com","service":"playwright-e2e","timestamp":"2026-08-26 14:35:01"}
{"error":{"log":["  - waiting for locator('#address_delivery .address_firstname')"]},"level":"error","message":"[STEP FAILED] 'Fetch delivery address details","service":"playwright-e2e","timestamp":"2026-08-26 16:28:40"}
{"error":{"log":["  - waiting for locator('#address_delivery .address_firstname')"]},"level":"error","message":"[STEP FAILED] 'Fetch delivery address details","service":"playwright-e2e","timestamp":"2026-08-27 09:49:34"}
{"error":{"log":["  - navigating to \"https://www.automationexercise.com//\", waiting until \"domcontentloaded\""],"name":"Error"},"level":"error","message":"[STEP FAILED] [BasePage] Navigating to: https://www.automationexercise.com//","service":"playwright-e2e","timestamp":"2026-09-17 08:26:15"}
{"error":{"log":["  - navigating to \"https://www.automationexercise.com//\", waiting until \"domcontentloaded\""],"name":"Error"},"level":"error","message":"[STEP FAILED] [BasePage] Navigating to: https://www.automationexercise.com//","service":"playwright-e2e","timestamp":"2026-09-17 08:26:16"}
{"error":{"log":["  - navigating to \"https://www.automationexercise.com//\", waiting until \"domcontentloaded\""],"name":"Error"},"level":"error","message":"[STEP FAILED] [BasePage] Navigating to: https://www.automationexercise.com//","service":"playwright-e2e","timestamp":"2026-09-17 08:54:12"}
{"error":{"log":["  - navigating to \"https://www.automationexercise.com//\", waiting until \"domcontentloaded\""],"name":"Error"},"level":"error","message":"[STEP FAILED] [BasePage] Navigating to: https://www.automationexercise.com//","service":"playwright-e2e","timestamp":"2026-09-17 20:57:32"}
{"error":{"log":["  - waiting for getByRole('link', { name: /Signup \\/ Login/i })"]},"level":"error","message":"[STEP FAILED] Navigate to Signup / Login page","service":"playwright-e2e","timestamp":"2026-09-17 20:59:06"}
{"error":{"log":["  - waiting for getByRole('link', { name: /Signup \\/ Login/i })"]},"level":"error","message":"[STEP FAILED] Navigate to Signup / Login page","service":"playwright-e2e","timestamp":"2026-09-17 21:08:56"}
{"error":{"log":["  - waiting for getByRole('link', { name: /Signup \\/ Login/i })"]},"level":"error","message":"[STEP FAILED] Navigate to Signup / Login page","service":"playwright-e2e","timestamp":"2026-09-17 21:09:21"}
{"error":{"log":["  - waiting for getByRole('link', { name: /Signup \\/ Login/i })"]},"level":"error","message":"[STEP FAILED] Navigate to Signup / Login page","service":"playwright-e2e","timestamp":"2026-09-17 21:10:21"}
{"error":{"log":["  - waiting for getByRole('link', { name: /Signup \\/ Login/i })"]},"level":"error","message":"[STEP FAILED] Navigate to Signup / Login page","service":"playwright-e2e","timestamp":"2026-09-17 21:10:43"}
{"error":{"log":["  - waiting for getByRole('link', { name: /Signup \\/ Login/i })"]},"level":"error","message":"[STEP FAILED] Navigate to Signup / Login page","service":"playwright-e2e","timestamp":"2026-09-17 21:11:33"}
{"error":{"log":["  - waiting for getByRole('link', { name: /Signup \\/ Login/i })"]},"level":"error","message":"[STEP FAILED] Navigate to Signup / Login page","service":"playwright-e2e","timestamp":"2026-09-18 08:37:18"}
{"error":{"log":["  - waiting for getByRole('link', { name: /Signup \\/ Login/i })"]},"level":"error","message":"[STEP FAILED] Navigate to Signup / Login page","service":"playwright-e2e","timestamp":"2026-09-18 08:37:36"}
{"error":{"log":["  - waiting for getByRole('link', { name: /Signup \\/ Login/i })"]},"level":"error","message":"[STEP FAILED] Navigate to Signup / Login page","service":"playwright-e2e","timestamp":"2026-09-18 08:38:22"}
{"error":{"log":["  - waiting for getByRole('link', { name: /Signup \\/ Login/i })"]},"level":"error","message":"[STEP FAILED] Navigate to Signup / Login page","service":"playwright-e2e","timestamp":"2026-09-18 08:38:40"}
{"error":{"log":["  - waiting for getByRole('link', { name: /Signup \\/ Login/i })"]},"level":"error","message":"[STEP FAILED] Navigate to Signup / Login page","service":"playwright-e2e","timestamp":"2026-09-18 08:39:26"}
{"error":{"log":["  - waiting for getByRole('link', { name: /Signup \\/ Login/i })"]},"level":"error","message":"[STEP FAILED] Navigate to Signup / Login page","service":"playwright-e2e","timestamp":"2026-09-18 10:15:56"}
{"error":{"log":["  - waiting for getByRole('link', { name: /Signup \\/ Login/i })"]},"level":"error","message":"[STEP FAILED] Navigate to Signup / Login page","service":"playwright-e2e","timestamp":"2026-09-18 10:16:03"}
{"error":{"log":["  - waiting for getByRole('link', { name: /Signup \\/ Login/i })"]},"level":"error","message":"[STEP FAILED] Navigate to Signup / Login page","service":"playwright-e2e","timestamp":"2026-09-18 10:17:00"}
{"error":{"log":["  - waiting for getByRole('link', { name: /Signup \\/ Login/i })"]},"level":"error","message":"[STEP FAILED] Navigate to Signup / Login page","service":"playwright-e2e","timestamp":"2026-09-18 10:17:09"}
{"error":{"log":["  - waiting for getByRole('link', { name: /Signup \\/ Login/i })"]},"level":"error","message":"[STEP FAILED] Navigate to Signup / Login page","service":"playwright-e2e","timestamp":"2026-09-18 10:18:04"}
{"error":{"log":["  - waiting for getByRole('link', { name: /Signup \\/ Login/i })"]},"level":"error","message":"[STEP FAILED] Navigate to Signup / Login page","service":"playwright-e2e","timestamp":"2026-09-18 10:29:19"}
{"error":{"log":["  - waiting for getByRole('link', { name: /Signup \\/ Login/i })"]},"level":"error","message":"[STEP FAILED] Navigate to Signup / Login page","service":"playwright-e2e","timestamp":"2026-09-18 10:29:22"}
{"error":{"log":["  - waiting for getByRole('link', { name: /Signup \\/ Login/i })"]},"level":"error","message":"[STEP FAILED] Navigate to Signup / Login page","service":"playwright-e2e","timestamp":"2026-09-18 10:42:40"}
{"error":{"log":["  - waiting for getByRole('link', { name: /Signup \\/ Login/i })"]},"level":"error","message":"[STEP FAILED] Navigate to Signup / Login page","service":"playwright-e2e","timestamp":"2026-09-18 10:52:38"}
{"error":{"log":["  - waiting for getByRole('link', { name: /Signup \\/ Login/i })"]},"level":"error","message":"[STEP FAILED] Navigate to Signup / Login page","service":"playwright-e2e","timestamp":"2026-09-18 10:56:24"}
{"error":{"log":["  - waiting for getByRole('link', { name: /Signup \\/ Login/i })"]},"level":"error","message":"[STEP FAILED] Navigate to Signup / Login page","service":"playwright-e2e","timestamp":"2026-09-18 10:58:35"}
{"error":{"log":["  - waiting for getByRole('link', { name: /Signup \\/ Login/i })"]},"level":"error","message":"[STEP FAILED] Navigate to Signup / Login page","service":"playwright-e2e","timestamp":"2026-09-18 13:26:05"}
{"error":{"log":["  - waiting for getByRole('link', { name: /Signup \\/ Login/i })"]},"level":"error","message":"[STEP FAILED] Navigate to Signup / Login page","service":"playwright-e2e","timestamp":"2026-09-18 13:26:23"}
{"error":{"log":["  - waiting for getByRole('link', { name: /Signup \\/ Login/i })"]},"level":"error","message":"[STEP FAILED] Navigate to Signup / Login page","service":"playwright-e2e","timestamp":"2026-09-18 13:27:10"}
{"error":{"log":["  - waiting for getByRole('link', { name: /Signup \\/ Login/i })"]},"level":"error","message":"[STEP FAILED] Navigate to Signup / Login page","service":"playwright-e2e","timestamp":"2026-09-18 13:27:28"}
{"error":{"log":["  - waiting for getByRole('link', { name: /Signup \\/ Login/i })"]},"level":"error","message":"[STEP FAILED] Navigate to Signup / Login page","service":"playwright-e2e","timestamp":"2026-09-18 13:28:17"}
{"error":{"log":["  - waiting for getByRole('link', { name: /Signup \\/ Login/i })"]},"level":"error","message":"[STEP FAILED] Navigate to Signup / Login page","service":"playwright-e2e","timestamp":"2026-09-18 14:58:25"}
{"error":{"log":["  - waiting for getByRole('link', { name: /Signup \\/ Login/i })"]},"level":"error","message":"[STEP FAILED] Navigate to Signup / Login page","service":"playwright-e2e","timestamp":"2026-09-18 14:58:36"}
{"error":{"log":["  - waiting for getByRole('link', { name: /Signup \\/ Login/i })"]},"level":"error","message":"[STEP FAILED] Navigate to Signup / Login page","service":"playwright-e2e","timestamp":"2026-09-18 15:16:46"}
